
> testcord@1.14.6.2 build C:\Users\mokih\Downloads\x2bcord\highexpmassive\testcord
> pnpm depCheck && pnpm generateBDPlugins && node --require=./scripts/suppressExperimentalWarnings.js scripts/build/build.mjs


> testcord@1.14.6.2 depCheck C:\Users\mokih\Downloads\x2bcord\highexpmassive\testcord
> node scripts/depCheck.mjs

[32mAll dependencies are installed.[0m

> testcord@1.14.6.2 generateBDPlugins C:\Users\mokih\Downloads\x2bcord\highexpmassive\testcord
> node scripts/generateBDPlugins.mjs

Generated: BetterFormattingRedux.tsx
Generated: Embed_More_Images.tsx
Generated: SimpleAnimations.tsx
Generated: Uncompressed_Images.tsx

Generated 4 BD plugin wrapper(s)

  dist\equibop\preload.js       2.5kb
  dist\equibop\preload.js.map  10.2kb

Done in 16ms

  dist\desktop\preload.js       2.6kb
  dist\desktop\preload.js.map  10.3kb

Done in 16ms
▲ [WARNING] Using direct eval with a bundler is not recommended and may cause problems [direct-eval]

    src/testcordplugins/eval/native.ts:39:27:
      39 │         var result = await eval(script);
         ╵                            ~~~~

  You can read more about direct eval and bundling here: https://esbuild.github.io/link/direct-eval

▲ [WARNING] Using direct eval with a bundler is not recommended and may cause problems [direct-eval]

    src/testcordplugins/eval/index.ts:31:35:
      31 │                 var result = await eval(script);
         ╵                                    ~~~~

  You can read more about direct eval and bundling here: https://esbuild.github.io/link/direct-eval

▲ [WARNING] Using direct eval with a bundler is not recommended and may cause problems [direct-eval]

    src/testcordplugins/eval/native.ts:39:27:
      39 │         var result = await eval(script);
         ╵                            ~~~~

  You can read more about direct eval and bundling here: https://esbuild.github.io/link/direct-eval

▲ [WARNING] Using direct eval with a bundler is not recommended and may cause problems [direct-eval]

    src/testcordplugins/eval/index.ts:31:35:
      31 │                 var result = await eval(script);
         ╵                                    ~~~~

  You can read more about direct eval and bundling here: https://esbuild.github.io/link/direct-eval

1 warning

  dist\desktop\patcher.js            117.0kb
  dist\desktop\patcher.js.LEGAL.txt    266b 
  dist\desktop\patcher.js.map        481.1kb

Done in 257ms
1 warning

  dist\equibop\main.js            108.1kb
  dist\equibop\main.js.LEGAL.txt    266b 
  dist\equibop\main.js.map        453.6kb

Done in 259ms
▲ [WARNING] Using direct eval with a bundler is not recommended and may cause problems [direct-eval]

    src/Betterdiscordplugins/PluginManager.ts:287:37:
      287 │                     pluginInstance = eval(evalCode);
          ╵                                      ~~~~

  You can read more about direct eval and bundling here: https://esbuild.github.io/link/direct-eval

▲ [WARNING] Using direct eval with a bundler is not recommended and may cause problems [direct-eval]

    src/Betterdiscordplugins/PluginManager.ts:287:37:
      287 │                     pluginInstance = eval(evalCode);
          ╵                                      ~~~~

  You can read more about direct eval and bundling here: https://esbuild.github.io/link/direct-eval

2 warnings

  dist\equibop\renderer.js              4.8mb
  dist\equibop\renderer.css           247.0kb
  dist\equibop\renderer.js.LEGAL.txt    2.7kb
  dist\equibop\renderer.js.map         16.7mb
  dist\equibop\renderer.css.map       503.7kb

Done in 551ms
2 warnings

  dist\desktop\renderer.js              4.8mb
  dist\desktop\renderer.css           247.0kb
  dist\desktop\renderer.js.LEGAL.txt    2.7kb
  dist\desktop\renderer.js.map         16.7mb
  dist\desktop\renderer.css.map       503.7kb

Done in 560ms
